command.Update{UpdateOr:0x4, Table:command.SimpleTable{Schema:"", Table:"myTable", Alias:"", Indexed:false, Index:""}, Updates:[]command.UpdateSetter{command.UpdateSetter{Cols:[]string{"myCol"}, Value:command.ConstantLiteral{Value:"7", Numeric:true}}}, Filter:command.EqualityExpr{BinaryBase:command.BinaryBase{Left:command.ColumnReference{Name:"myOtherCol"}, Right:command.ConstantLiteral{Value:"9", Numeric:true}}, Invert:false}}

String:
Update[or=UpdateOrFail,table=myTable,sets=((myCol)=7),filter=myOtherCol==9]