command.Update{UpdateOr:0x5, Table:command.SimpleTable{Schema:"", Table:"myTable", Alias:"", Indexed:false, Index:""}, Updates:[]command.UpdateSetter{command.UpdateSetter{Cols:[]string{"myCol1", "myCol2"}, Value:command.ConstantLiteral{Value:"7", Numeric:true}}, command.UpdateSetter{Cols:[]string{"myOtherCol1", "myOtherCol2"}, Value:command.ConstantLiteral{Value:"8", Numeric:true}}}, Filter:command.EqualityExpr{BinaryBase:command.BinaryBase{Left:command.ColumnReference{Name:"myOtherCol"}, Right:command.ConstantLiteral{Value:"9", Numeric:true}}, Invert:false}}

String:
Update[or=UpdateOrIgnore,table=myTable,sets=((myCol1,myCol2)=7,(myOtherCol1,myOtherCol2)=8),filter=myOtherCol==9]