command.Limit{Limit:command.ConstantLiteral{Value:"5", Numeric:true}, Input:command.Project{Cols:[]command.Column{command.Column{Table:"", Expr:command.ColumnReference{Name:"*"}, Alias:""}}, Input:command.Scan{Table:command.SimpleTable{Schema:"", Table:"myTable", Alias:"", Indexed:false, Index:""}}}}

String:
Limit[limit=5](Project[cols=*](Scan[table=myTable]()))